{
  "version": "1.5.0",
  "plugins_used": [
    {
      "name": "ArtifactoryDetector"
    },
    {
      "name": "AWSKeyDetector"
    },
    {
      "name": "AzureStorageKeyDetector"
    },
    {
      "name": "Base64HighEntropyString",
      "limit": 4.5
    },
    {
      "name": "BasicAuthDetector"
    },
    {
      "name": "CloudantDetector"
    },
    {
      "name": "DiscordBotTokenDetector"
    },
    {
      "name": "GitHubTokenDetector"
    },
    {
      "name": "GitLabTokenDetector"
    },
    {
      "name": "HexHighEntropyString",
      "limit": 3.0
    },
    {
      "name": "IbmCloudIamDetector"
    },
    {
      "name": "IbmCosHmacDetector"
    },
    {
      "name": "IPPublicDetector"
    },
    {
      "name": "JwtTokenDetector"
    },
    {
      "name": "KeywordDetector",
      "keyword_exclude": ""
    },
    {
      "name": "MailchimpDetector"
    },
    {
      "name": "NpmDetector"
    },
    {
      "name": "OpenAIDetector"
    },
    {
      "name": "PrivateKeyDetector"
    },
    {
      "name": "PypiTokenDetector"
    },
    {
      "name": "SendGridDetector"
    },
    {
      "name": "SlackDetector"
    },
    {
      "name": "SoftlayerDetector"
    },
    {
      "name": "SquareOAuthDetector"
    },
    {
      "name": "StripeDetector"
    },
    {
      "name": "TelegramBotTokenDetector"
    },
    {
      "name": "TwilioKeyDetector"
    }
  ],
  "filters_used": [
    {
      "path": "detect_secrets.filters.allowlist.is_line_allowlisted"
    },
    {
      "path": "detect_secrets.filters.common.is_baseline_file",
      "filename": ".secrets.baseline"
    },
    {
      "path": "detect_secrets.filters.common.is_ignored_due_to_verification_policies",
      "min_level": 2
    },
    {
      "path": "detect_secrets.filters.heuristic.is_indirect_reference"
    },
    {
      "path": "detect_secrets.filters.heuristic.is_likely_id_string"
    },
    {
      "path": "detect_secrets.filters.heuristic.is_lock_file"
    },
    {
      "path": "detect_secrets.filters.heuristic.is_not_alphanumeric_string"
    },
    {
      "path": "detect_secrets.filters.heuristic.is_potential_uuid"
    },
    {
      "path": "detect_secrets.filters.heuristic.is_prefixed_with_dollar_sign"
    },
    {
      "path": "detect_secrets.filters.heuristic.is_sequential_string"
    },
    {
      "path": "detect_secrets.filters.heuristic.is_swagger_file"
    },
    {
      "path": "detect_secrets.filters.heuristic.is_templated_secret"
    }
  ],
  "results": {
    ".omo/evidence/task-4-manifest.json": [
      {
        "type": "Hex High Entropy String",
        "filename": ".omo/evidence/task-4-manifest.json",
        "hashed_secret": "4dde84bfe2948bdf176ceb3f934cae85b7a047bb",
        "is_verified": false,
        "line_number": 5,
        "is_secret": false
      },
      {
        "type": "Hex High Entropy String",
        "filename": ".omo/evidence/task-4-manifest.json",
        "hashed_secret": "0ef6930d92568024ea7ce1f68affae4a88de8ed9",
        "is_verified": false,
        "line_number": 9,
        "is_secret": false
      },
      {
        "type": "Hex High Entropy String",
        "filename": ".omo/evidence/task-4-manifest.json",
        "hashed_secret": "a95dcc36dceac84b5dc0f037c7c4a894641ac38d",
        "is_verified": false,
        "line_number": 14,
        "is_secret": false
      },
      {
        "type": "Hex High Entropy String",
        "filename": ".omo/evidence/task-4-manifest.json",
        "hashed_secret": "8cd8bd7531f76d00b21af73c3472cbed74f5ec01",
        "is_verified": false,
        "line_number": 19,
        "is_secret": false
      },
      {
        "type": "Hex High Entropy String",
        "filename": ".omo/evidence/task-4-manifest.json",
        "hashed_secret": "902bfb8c3d4d74205f9b150952889829bef7ac0a",
        "is_verified": false,
        "line_number": 24,
        "is_secret": false
      },
      {
        "type": "Hex High Entropy String",
        "filename": ".omo/evidence/task-4-manifest.json",
        "hashed_secret": "05c793c60b7566018b3b857060ee71b545e044cd",
        "is_verified": false,
        "line_number": 29,
        "is_secret": false
      },
      {
        "type": "Hex High Entropy String",
        "filename": ".omo/evidence/task-4-manifest.json",
        "hashed_secret": "528bcfc03e3be0159448906e46340c8811c2c798",
        "is_verified": false,
        "line_number": 34,
        "is_secret": false
      },
      {
        "type": "Hex High Entropy String",
        "filename": ".omo/evidence/task-4-manifest.json",
        "hashed_secret": "2b682481b5775ceab9439ec515f8558555615006",
        "is_verified": false,
        "line_number": 39,
        "is_secret": false
      },
      {
        "type": "Hex High Entropy String",
        "filename": ".omo/evidence/task-4-manifest.json",
        "hashed_secret": "a002d160d24a606a30fe95bba799f9a307a468ba",
        "is_verified": false,
        "line_number": 44,
        "is_secret": false
      },
      {
        "type": "Hex High Entropy String",
        "filename": ".omo/evidence/task-4-manifest.json",
        "hashed_secret": "61fd2a149ca3aac6f91eaa077565f51fa49c4634",
        "is_verified": false,
        "line_number": 49,
        "is_secret": false
      },
      {
        "type": "Hex High Entropy String",
        "filename": ".omo/evidence/task-4-manifest.json",
        "hashed_secret": "34a6c575fc59a8fbe95caa8ee8b0a1e1fe88dd09",
        "is_verified": false,
        "line_number": 54,
        "is_secret": false
      },
      {
        "type": "Hex High Entropy String",
        "filename": ".omo/evidence/task-4-manifest.json",
        "hashed_secret": "e5a340dc177e41d8c912512cc919331fa017092e",
        "is_verified": false,
        "line_number": 59,
        "is_secret": false
      },
      {
        "type": "Hex High Entropy String",
        "filename": ".omo/evidence/task-4-manifest.json",
        "hashed_secret": "b3ec605eac99d6b2512f7f6e56642f6bbc6d8c28",
        "is_verified": false,
        "line_number": 64,
        "is_secret": false
      },
      {
        "type": "Hex High Entropy String",
        "filename": ".omo/evidence/task-4-manifest.json",
        "hashed_secret": "856d41d0751b41011cca0996a941722b1593d22d",
        "is_verified": false,
        "line_number": 69,
        "is_secret": false
      },
      {
        "type": "Hex High Entropy String",
        "filename": ".omo/evidence/task-4-manifest.json",
        "hashed_secret": "2878a61d4793373c4fc0d27b77897163bbdf1060",
        "is_verified": false,
        "line_number": 74,
        "is_secret": false
      },
      {
        "type": "Hex High Entropy String",
        "filename": ".omo/evidence/task-4-manifest.json",
        "hashed_secret": "7deca13c40d98812a0eb5b16281d441ea780794e",
        "is_verified": false,
        "line_number": 79,
        "is_secret": false
      },
      {
        "type": "Hex High Entropy String",
        "filename": ".omo/evidence/task-4-manifest.json",
        "hashed_secret": "2832a018827289694103eae7913c55a624cff703",
        "is_verified": false,
        "line_number": 84,
        "is_secret": false
      },
      {
        "type": "Hex High Entropy String",
        "filename": ".omo/evidence/task-4-manifest.json",
        "hashed_secret": "33b0c697611266405325f1c59eeab8e1f80d626b",
        "is_verified": false,
        "line_number": 89,
        "is_secret": false
      },
      {
        "type": "Hex High Entropy String",
        "filename": ".omo/evidence/task-4-manifest.json",
        "hashed_secret": "ca831aedcc10dfcd37f14a04c29316879b5597ca",
        "is_verified": false,
        "line_number": 94,
        "is_secret": false
      },
      {
        "type": "Hex High Entropy String",
        "filename": ".omo/evidence/task-4-manifest.json",
        "hashed_secret": "51f36d89612dcbbb3e9e66bae38fb3f051940cc9",
        "is_verified": false,
        "line_number": 99,
        "is_secret": false
      },
      {
        "type": "Hex High Entropy String",
        "filename": ".omo/evidence/task-4-manifest.json",
        "hashed_secret": "2712d4b4942e4960cfc385ef12fb7ddbbd7be9fc",
        "is_verified": false,
        "line_number": 104,
        "is_secret": false
      },
      {
        "type": "Hex High Entropy String",
        "filename": ".omo/evidence/task-4-manifest.json",
        "hashed_secret": "54e9c5bc0d5f44aca8bc825ba31b39e08632b31c",
        "is_verified": false,
        "line_number": 109,
        "is_secret": false
      }
    ],
    ".omo/evidence/task-5-manifest.json": [
      {
        "type": "Hex High Entropy String",
        "filename": ".omo/evidence/task-5-manifest.json",
        "hashed_secret": "4dde84bfe2948bdf176ceb3f934cae85b7a047bb",
        "is_verified": false,
        "line_number": 5,
        "is_secret": false
      },
      {
        "type": "Hex High Entropy String",
        "filename": ".omo/evidence/task-5-manifest.json",
        "hashed_secret": "e00068fa5702de33e91f939d5b0d2dbcc6fb52d2",
        "is_verified": false,
        "line_number": 9,
        "is_secret": false
      },
      {
        "type": "Hex High Entropy String",
        "filename": ".omo/evidence/task-5-manifest.json",
        "hashed_secret": "24ea51dc6c5fdc9eaff03734f64eaa5d4ae7cc14",
        "is_verified": false,
        "line_number": 14,
        "is_secret": false
      },
      {
        "type": "Hex High Entropy String",
        "filename": ".omo/evidence/task-5-manifest.json",
        "hashed_secret": "16fa278bc24d481f72bdb92308a0b63d083b90d4",
        "is_verified": false,
        "line_number": 19,
        "is_secret": false
      },
      {
        "type": "Hex High Entropy String",
        "filename": ".omo/evidence/task-5-manifest.json",
        "hashed_secret": "a5d10e651b10fe6717f627cfe4d320c5d1fa1d06",
        "is_verified": false,
        "line_number": 24,
        "is_secret": false
      },
      {
        "type": "Hex High Entropy String",
        "filename": ".omo/evidence/task-5-manifest.json",
        "hashed_secret": "37a8a0abaf35205699dd12824c66c8baa1bda973",
        "is_verified": false,
        "line_number": 29,
        "is_secret": false
      },
      {
        "type": "Hex High Entropy String",
        "filename": ".omo/evidence/task-5-manifest.json",
        "hashed_secret": "902bfb8c3d4d74205f9b150952889829bef7ac0a",
        "is_verified": false,
        "line_number": 34,
        "is_secret": false
      },
      {
        "type": "Hex High Entropy String",
        "filename": ".omo/evidence/task-5-manifest.json",
        "hashed_secret": "2878a61d4793373c4fc0d27b77897163bbdf1060",
        "is_verified": false,
        "line_number": 39,
        "is_secret": false
      },
      {
        "type": "Hex High Entropy String",
        "filename": ".omo/evidence/task-5-manifest.json",
        "hashed_secret": "2b682481b5775ceab9439ec515f8558555615006",
        "is_verified": false,
        "line_number": 44,
        "is_secret": false
      },
      {
        "type": "Hex High Entropy String",
        "filename": ".omo/evidence/task-5-manifest.json",
        "hashed_secret": "51f36d89612dcbbb3e9e66bae38fb3f051940cc9",
        "is_verified": false,
        "line_number": 49,
        "is_secret": false
      },
      {
        "type": "Hex High Entropy String",
        "filename": ".omo/evidence/task-5-manifest.json",
        "hashed_secret": "c60b1437cc7dc7024fb9179ea911c6cfa645c642",
        "is_verified": false,
        "line_number": 54,
        "is_secret": false
      },
      {
        "type": "Hex High Entropy String",
        "filename": ".omo/evidence/task-5-manifest.json",
        "hashed_secret": "16086b060735493952ad37a717a8422d4841b3b4",
        "is_verified": false,
        "line_number": 59,
        "is_secret": false
      },
      {
        "type": "Hex High Entropy String",
        "filename": ".omo/evidence/task-5-manifest.json",
        "hashed_secret": "7f81f01acfb462aa2c8982ef506084ecbeb2db9d",
        "is_verified": false,
        "line_number": 64,
        "is_secret": false
      }
    ],
    "docs/plans/pibras-10-of-10-public-standard.md": [
      {
        "type": "Secret Keyword",
        "filename": "docs/plans/pibras-10-of-10-public-standard.md",
        "hashed_secret": "b5416607dfc7d64080151a0704524a2f02ccaf69",
        "is_verified": false,
        "line_number": 189,
        "is_secret": false
      }
    ],
    "governance/plan-lock.json": [
      {
        "type": "Hex High Entropy String",
        "filename": "governance/plan-lock.json",
        "hashed_secret": "29f540547d19e90cd92eea6023cd752b9721ed7c",
        "is_verified": false,
        "line_number": 3
      }
    ],
    "licenses/PROVENANCE.json": [
      {
        "type": "Hex High Entropy String",
        "filename": "licenses/PROVENANCE.json",
        "hashed_secret": "804d65bd30841279fd6150c9c39112c1f82504c7",
        "is_verified": false,
        "line_number": 12
      },
      {
        "type": "Hex High Entropy String",
        "filename": "licenses/PROVENANCE.json",
        "hashed_secret": "fdf076defdbbba72308c07d03dc20ca9b27d4006",
        "is_verified": false,
        "line_number": 21
      }
    ]
  },
  "generated_at": "2026-08-23T18:10:35Z"
}
